// Jest Snapshot v1, https://goo.gl/fbAQLP

exports[`column block Should be possible to change column size 1`] = `
"<!-- wp:wp-bootstrap-blocks/row -->
<!-- wp:wp-bootstrap-blocks/column {\\"sizeMd\\":6,\\"equalWidthLg\\":true} /-->

<!-- wp:wp-bootstrap-blocks/column {\\"sizeMd\\":6} /-->
<!-- /wp:wp-bootstrap-blocks/row -->"
`;

exports[`column block Should be possible to change column size 2`] = `
"<!-- wp:wp-bootstrap-blocks/row -->
<!-- wp:wp-bootstrap-blocks/column {\\"sizeXl\\":2,\\"sizeMd\\":6,\\"equalWidthLg\\":true} /-->

<!-- wp:wp-bootstrap-blocks/column {\\"sizeMd\\":6} /-->
<!-- /wp:wp-bootstrap-blocks/row -->"
`;

exports[`column block Should be possible to select background color 1`] = `
"<!-- wp:wp-bootstrap-blocks/row -->
<!-- wp:wp-bootstrap-blocks/column {\\"sizeMd\\":6,\\"bgColor\\":\\"secondary\\"} /-->

<!-- wp:wp-bootstrap-blocks/column {\\"sizeMd\\":6} /-->
<!-- /wp:wp-bootstrap-blocks/row -->"
`;

exports[`column block Should be possible to select background color 2`] = `
"<!-- wp:wp-bootstrap-blocks/row -->
<!-- wp:wp-bootstrap-blocks/column {\\"sizeMd\\":6,\\"bgColor\\":\\"secondary\\",\\"centerContent\\":true} /-->

<!-- wp:wp-bootstrap-blocks/column {\\"sizeMd\\":6} /-->
<!-- /wp:wp-bootstrap-blocks/row -->"
`;

exports[`column block Should be possible to select padding 1`] = `
"<!-- wp:wp-bootstrap-blocks/row -->
<!-- wp:wp-bootstrap-blocks/column {\\"sizeMd\\":6,\\"padding\\":\\"p-2\\"} /-->

<!-- wp:wp-bootstrap-blocks/column {\\"sizeMd\\":6} /-->
<!-- /wp:wp-bootstrap-blocks/row -->"
`;

exports[`column block Should reset centerContent if bgColor gets removed 1`] = `
"<!-- wp:wp-bootstrap-blocks/row -->
<!-- wp:wp-bootstrap-blocks/column {\\"sizeMd\\":6,\\"bgColor\\":\\"secondary\\",\\"centerContent\\":true} /-->

<!-- wp:wp-bootstrap-blocks/column {\\"sizeMd\\":6} /-->
<!-- /wp:wp-bootstrap-blocks/row -->"
`;

exports[`column block Should reset centerContent if bgColor gets removed 2`] = `
"<!-- wp:wp-bootstrap-blocks/row -->
<!-- wp:wp-bootstrap-blocks/column {\\"sizeMd\\":6} /-->

<!-- wp:wp-bootstrap-blocks/column {\\"sizeMd\\":6} /-->
<!-- /wp:wp-bootstrap-blocks/row -->"
`;
